Traceback (most recent call last):
  File "C:\Users\Siddhant\NidhiAi\backend\update_agent_model.py", line 43, in <module>
    res = client.update_agent(**update_kwargs)
          ^^^^^^^^^^^^^^^^^^^^^^^^^^^^^^^^^^^^
  File "C:\Users\Siddhant\AppData\Local\Programs\Python\Python312\Lib\site-packages\botocore\client.py", line 602, in _api_call
    return self._make_api_call(operation_name, kwargs)
           ^^^^^^^^^^^^^^^^^^^^^^^^^^^^^^^^^^^^^^^^^^^
  File "C:\Users\Siddhant\AppData\Local\Programs\Python\Python312\Lib\site-packages\botocore\context.py", line 123, in wrapper
    return func(*args, **kwargs)
           ^^^^^^^^^^^^^^^^^^^^^
  File "C:\Users\Siddhant\AppData\Local\Programs\Python\Python312\Lib\site-packages\botocore\client.py", line 1078, in _make_api_call
    raise error_class(parsed_response, operation_name)
botocore.errorfactory.ValidationException: An error occurred (ValidationException) when calling the UpdateAgent operation: You cannot set the AgentCollaboration attribute to DISABLED. The agent has other agents collaborators added.
